#factor structure is:
#0;
#0 -> 1
#0 -> 1
#1 -> 2
#1 -> 3
#1 -> 4
#2 -> 4
#3 -> 4
#4 -> 5
#0 -> 5
#partitions are:
#partition 0:
#ldi1
#ldi2
#ldi1 -> mul1;
#ldi2 -> mul1;
#ldi1 -> add1;
#ldi2 -> add1;
#mul1 -> add2;
#add1 -> add2;
#add2 -> buff_buff_st_1;
#add2 -> generic_cf_node_buff_st_4;
#add2 -> generic_cf_node_buff_st_5;
#partition 1:
#buff_buff_ld_1
#generic_cf_node_buff_ld_4
#buff_buff_ld_1 -> add3;
#generic_cf_node_buff_ld_4 -> add3;
#ldb
#ldb -> split_split_st_2;
#add3 -> split_split_st_2;
#ldb -> merge_merge_stbuff_3;
#partition 2:
#split_split_ldtrue_2
#split_split_ldtrue_2 -> merge_merge_sttrue_3;
#partition 3:
#split_split_ldfalse_2
#split_split_ldfalse_2 -> merge_merge_stfalse_3;
#partition 4:
#merge_merge_proc_3
#partition 5:
#generic_cf_node_buff_ld_5
#merge_merge_ld_3
#merge_merge_ld_3 -> add4;
#generic_cf_node_buff_ld_5 -> add4;
#add4 -> h_st;
#factor invisible edges are
#ldi1
#ldi2
#buff_buff_ld_1
#buff_buff_st_1 -> buff_buff_ld_1;
#generic_cf_node_buff_ld_4
#generic_cf_node_buff_st_4 -> generic_cf_node_buff_ld_4;
#ldb
#merge_merge_ld_3
#merge_merge_proc_3 -> merge_merge_ld_3;
#generic_cf_node_buff_ld_5
#generic_cf_node_buff_st_5 -> generic_cf_node_buff_ld_5;
#merge_merge_proc_3
#merge_merge_stbuff_3 -> merge_merge_proc_3;
#merge_merge_sttrue_3 -> merge_merge_proc_3;
#merge_merge_stfalse_3 -> merge_merge_proc_3;
#split_split_ldfalse_2
#split_split_st_2 -> split_split_ldfalse_2;
#split_split_ldtrue_2
#split_split_st_2 -> split_split_ldtrue_2;
digraph G {
edge [style=dotted,arrowhead=odot];
ldi1
ldi2
buff_buff_ld_1
generic_cf_node_buff_ld_4
ldb
merge_merge_ld_3
generic_cf_node_buff_ld_5
merge_merge_proc_3
split_split_ldfalse_2
split_split_ldtrue_2
edge [style=dotted,arrowhead=normal];
ldi1
ldi2
buff_buff_ld_1
buff_buff_st_1 -> buff_buff_ld_1;
generic_cf_node_buff_ld_4
generic_cf_node_buff_st_4 -> generic_cf_node_buff_ld_4;
ldb
merge_merge_ld_3
merge_merge_proc_3 -> merge_merge_ld_3;
generic_cf_node_buff_ld_5
generic_cf_node_buff_st_5 -> generic_cf_node_buff_ld_5;
merge_merge_proc_3
merge_merge_stbuff_3 -> merge_merge_proc_3;
merge_merge_sttrue_3 -> merge_merge_proc_3;
merge_merge_stfalse_3 -> merge_merge_proc_3;
split_split_ldfalse_2
split_split_st_2 -> split_split_ldfalse_2;
split_split_ldtrue_2
split_split_st_2 -> split_split_ldtrue_2;
edge [style=solid];
ldi1
ldi2
ldi1 -> add1;
ldi2 -> add1;
ldi1 -> mul1;
ldi2 -> mul1;
mul1 -> add2;
add1 -> add2;
add2 -> buff_buff_st_1;
add2 -> generic_cf_node_buff_st_4;
add2 -> generic_cf_node_buff_st_5;
buff_buff_ld_1
generic_cf_node_buff_ld_4
buff_buff_ld_1 -> add3;
generic_cf_node_buff_ld_4 -> add3;
ldb
ldb -> split_split_st_2;
add3 -> split_split_st_2;
ldb -> merge_merge_stbuff_3;
merge_merge_ld_3
generic_cf_node_buff_ld_5
merge_merge_ld_3 -> add4;
generic_cf_node_buff_ld_5 -> add4;
add4 -> h_st;
merge_merge_proc_3
split_split_ldfalse_2
split_split_ldfalse_2 -> merge_merge_stfalse_3;
split_split_ldtrue_2
split_split_ldtrue_2 -> merge_merge_sttrue_3;
0;
0 -> 1
0 -> 1
1 -> 2
1 -> 3
1 -> 4
2 -> 4
3 -> 4
4 -> 5
0 -> 5
ldi1 [color="black",label="ldi1 "];
ldi2 [color="black",label="ldi2 "];
add1 [color="black",label="add1 "];
mul1 [color="black",label="mul1 "];
add2 [color="black",label="add2 "];
buff_buff_st_1 [color="black",label="buff_buff_st_1 "];
generic_cf_node_buff_st_4 [color="black",label="generic_cf_node_buff_st_4 "];
generic_cf_node_buff_st_5 [color="black",label="generic_cf_node_buff_st_5 "];
buff_buff_ld_1 [color="black",label="buff_buff_ld_1 "];
generic_cf_node_buff_ld_4 [color="black",label="generic_cf_node_buff_ld_4 "];
add3 [color="black",label="add3 "];
ldb [color="black",label="ldb "];
split_split_st_2 [color="black",label="split_split_st_2 "];
merge_merge_stbuff_3 [color="black",label="merge_merge_stbuff_3 "];
merge_merge_ld_3 [color="black",label="merge_merge_ld_3 "];
generic_cf_node_buff_ld_5 [color="black",label="generic_cf_node_buff_ld_5 "];
add4 [color="black",label="add4 "];
h_st [color="black",label="h_st "];
merge_merge_proc_3 [color="black",label="merge_merge_proc_3 "];
split_split_ldfalse_2 [color="black",label="split_split_ldfalse_2 "];
merge_merge_stfalse_3 [color="black",label="merge_merge_stfalse_3 "];
split_split_ldtrue_2 [color="black",label="split_split_ldtrue_2 "];
merge_merge_sttrue_3 [color="black",label="merge_merge_sttrue_3 "];
}
