#factor structure is:
#0;
#partitions are:
#partition 0:
#ldi
#ldi -> zero;
#zero -> split;
#ldi -> split;
#zero -> merge;
#split -> merge;
#split -> merge;
#merge -> sti;
#factor invisible edges are
#ldi
digraph G {
edge [style=dotted,arrowhead=odot];
ldi
edge [style=dotted,arrowhead=normal];
ldi
edge [style=solid];
ldi
ldi -> zero;
zero -> split;
ldi -> split;
zero -> merge;
split -> merge;
split -> merge;
merge -> sti;
0;
ldi [color="black",label="ldi "];
zero [color="black",label="zero "];
split [color="black",label="split "];
merge [color="black",label="merge "];
sti [color="black",label="sti "];
}
