#factor structure is:
#0
#0 -> 1;
#1 -> 2;
#1 -> 3;
#1 -> 4;
#2 -> 4;
#3 -> 4;
#partitions are:
#partition 0:
#d_in
#a_in
#a_in -> b_pl;
#d_in -> b_pl;
#a_in -> b_ml;
#d_in -> b_ml;
#b_ml -> e_pl;
#b_pl -> e_pl;
#e_pl -> buff_buff_st_1;
#partition 1:
#buff_buff_ld_1
#buff_buff_ld_1 -> f_id;
#f_id -> merge_merge_stbuff_3;
#f_id -> split_split_st_2;
#partition 2:
#split_split_ldtrue_2
#split_split_ldtrue_2 -> merge_merge_sttrue_3;
#partition 3:
#split_split_ldfalse_2
#split_split_ldfalse_2 -> merge_merge_stfalse_3;
#partition 4:
#merge_merge_ld_3
#merge_merge_ld_3 -> final_out;
#factor invisible edges are
#a_in
#d_in
#buff_buff_ld_1
#buff_buff_st_1 -> buff_buff_ld_1;
#merge_merge_ld_3
#merge_merge_stbuff_3 -> merge_merge_ld_3;
#merge_merge_sttrue_3 -> merge_merge_ld_3;
#merge_merge_stfalse_3 -> merge_merge_ld_3;
#split_split_ldfalse_2
#split_split_st_2 -> split_split_ldfalse_2;
#split_split_ldtrue_2
#split_split_st_2 -> split_split_ldtrue_2;
digraph G {
edge [color = gray];
a_in
d_in
buff_buff_ld_1
buff_buff_st_1 -> buff_buff_ld_1;
merge_merge_ld_3
merge_merge_stbuff_3 -> merge_merge_ld_3;
merge_merge_sttrue_3 -> merge_merge_ld_3;
merge_merge_stfalse_3 -> merge_merge_ld_3;
split_split_ldfalse_2
split_split_st_2 -> split_split_ldfalse_2;
split_split_ldtrue_2
split_split_st_2 -> split_split_ldtrue_2;
edge [color = black];
a_in
d_in
a_in -> b_pl;
d_in -> b_pl;
a_in -> b_ml;
d_in -> b_ml;
b_ml -> e_pl;
b_pl -> e_pl;
e_pl -> buff_buff_st_1;
buff_buff_ld_1
buff_buff_ld_1 -> f_id;
f_id -> split_split_st_2;
f_id -> merge_merge_stbuff_3;
merge_merge_ld_3
merge_merge_ld_3 -> final_out;
split_split_ldfalse_2
split_split_ldfalse_2 -> merge_merge_stfalse_3;
split_split_ldtrue_2
split_split_ldtrue_2 -> merge_merge_sttrue_3;
edge [color = red];
0
0 -> 1;
1 -> 2;
1 -> 3;
1 -> 4;
2 -> 4;
3 -> 4;
}
